../Core/Src/main.c:71:6:delay_us	16	static
../Core/Src/main.c:76:10:read_hcsr04	16	static
../Core/Src/main.c:92:6:display	24	static
../Core/Src/main.c:115:7:map_frequency	40	static
../Core/Src/main.c:120:6:buzzer_config	24	static
../Core/Src/main.c:139:5:main	8	static
../Core/Src/main.c:197:6:SystemClock_Config	88	static
../Core/Src/main.c:243:13:MX_I2C1_Init	8	static
../Core/Src/main.c:277:13:MX_TIM2_Init	32	static
../Core/Src/main.c:322:13:MX_TIM3_Init	64	static
../Core/Src/main.c:381:13:MX_GPIO_Init	48	static
../Core/Src/main.c:421:6:Error_Handler	4	static,ignoring_inline_asm
